[2022-05-31T03:17:07.825+0200][gc,heap] Heap region size: 1M
[2022-05-31T03:17:07.839+0200][gc     ] Using G1
[2022-05-31T03:17:07.839+0200][gc,heap,coops] Heap address: 0x00000000c0000000, size: 1024 MB, Compressed Oops mode: 32-bit
[2022-05-31T03:17:07.839+0200][gc,cds       ] Mark closed archive regions in map: [0x00000000ffe00000, 0x00000000ffe6aff8]
[2022-05-31T03:17:07.839+0200][gc,cds       ] Mark open archive regions in map: [0x00000000ffc00000, 0x00000000ffc46ff8]
[2022-05-31T03:17:08.591+0200][gc,start     ] GC(0) Pause Young (Normal) (G1 Evacuation Pause)
[2022-05-31T03:17:08.592+0200][gc,task      ] GC(0) Using 13 workers of 13 for evacuation
[2022-05-31T03:17:08.602+0200][gc,phases    ] GC(0)   Pre Evacuate Collection Set: 0,0ms
[2022-05-31T03:17:08.602+0200][gc,phases    ] GC(0)   Evacuate Collection Set: 9,7ms
[2022-05-31T03:17:08.602+0200][gc,phases    ] GC(0)   Post Evacuate Collection Set: 0,5ms
[2022-05-31T03:17:08.602+0200][gc,phases    ] GC(0)   Other: 1,0ms
[2022-05-31T03:17:08.602+0200][gc,heap      ] GC(0) Eden regions: 51->0(44)
[2022-05-31T03:17:08.602+0200][gc,heap      ] GC(0) Survivor regions: 0->7(7)
[2022-05-31T03:17:08.602+0200][gc,heap      ] GC(0) Old regions: 2->2
[2022-05-31T03:17:08.602+0200][gc,heap      ] GC(0) Humongous regions: 0->0
[2022-05-31T03:17:08.602+0200][gc,metaspace ] GC(0) Metaspace: 15019K->15019K(1062912K)
[2022-05-31T03:17:08.602+0200][gc           ] GC(0) Pause Young (Normal) (G1 Evacuation Pause) 51M->7M(1024M) 11,306ms
[2022-05-31T03:17:08.602+0200][gc,cpu       ] GC(0) User=0,13s Sys=0,00s Real=0,01s
[2022-05-31T03:17:09.052+0200][gc,start     ] GC(1) Pause Young (Concurrent Start) (Metadata GC Threshold)
[2022-05-31T03:17:09.052+0200][gc,task      ] GC(1) Using 13 workers of 13 for evacuation
[2022-05-31T03:17:09.059+0200][gc,phases    ] GC(1)   Pre Evacuate Collection Set: 0,1ms
[2022-05-31T03:17:09.059+0200][gc,phases    ] GC(1)   Evacuate Collection Set: 6,3ms
[2022-05-31T03:17:09.059+0200][gc,phases    ] GC(1)   Post Evacuate Collection Set: 0,5ms
[2022-05-31T03:17:09.059+0200][gc,phases    ] GC(1)   Other: 0,3ms
[2022-05-31T03:17:09.059+0200][gc,heap      ] GC(1) Eden regions: 23->0(49)
[2022-05-31T03:17:09.059+0200][gc,heap      ] GC(1) Survivor regions: 7->2(7)
[2022-05-31T03:17:09.059+0200][gc,heap      ] GC(1) Old regions: 2->9
[2022-05-31T03:17:09.059+0200][gc,heap      ] GC(1) Humongous regions: 0->0
[2022-05-31T03:17:09.059+0200][gc,metaspace ] GC(1) Metaspace: 20566K->20566K(1067008K)
[2022-05-31T03:17:09.059+0200][gc           ] GC(1) Pause Young (Concurrent Start) (Metadata GC Threshold) 29M->8M(1024M) 7,330ms
[2022-05-31T03:17:09.059+0200][gc,cpu       ] GC(1) User=0,04s Sys=0,01s Real=0,01s
[2022-05-31T03:17:09.059+0200][gc           ] GC(2) Concurrent Cycle
[2022-05-31T03:17:09.059+0200][gc,marking   ] GC(2) Concurrent Clear Claimed Marks
[2022-05-31T03:17:09.059+0200][gc,marking   ] GC(2) Concurrent Clear Claimed Marks 0,070ms
[2022-05-31T03:17:09.059+0200][gc,marking   ] GC(2) Concurrent Scan Root Regions
[2022-05-31T03:17:09.061+0200][gc,marking   ] GC(2) Concurrent Scan Root Regions 1,484ms
[2022-05-31T03:17:09.061+0200][gc,marking   ] GC(2) Concurrent Mark (1,264s)
[2022-05-31T03:17:09.061+0200][gc,marking   ] GC(2) Concurrent Mark From Roots
[2022-05-31T03:17:09.061+0200][gc,task      ] GC(2) Using 3 workers of 3 for marking
[2022-05-31T03:17:09.066+0200][gc,marking   ] GC(2) Concurrent Mark From Roots 5,572ms
[2022-05-31T03:17:09.066+0200][gc,marking   ] GC(2) Concurrent Preclean
[2022-05-31T03:17:09.067+0200][gc,marking   ] GC(2) Concurrent Preclean 0,202ms
[2022-05-31T03:17:09.067+0200][gc,marking   ] GC(2) Concurrent Mark (1,264s, 1,269s) 5,855ms
[2022-05-31T03:17:09.067+0200][gc,start     ] GC(2) Pause Remark
[2022-05-31T03:17:09.068+0200][gc,stringtable] GC(2) Cleaned string and symbol table, strings: 5118 processed, 0 removed, symbols: 50566 processed, 43 removed
[2022-05-31T03:17:09.069+0200][gc            ] GC(2) Pause Remark 8M->8M(1024M) 2,022ms
[2022-05-31T03:17:09.069+0200][gc,cpu        ] GC(2) User=0,01s Sys=0,00s Real=0,00s
[2022-05-31T03:17:09.069+0200][gc,marking    ] GC(2) Concurrent Rebuild Remembered Sets
[2022-05-31T03:17:09.073+0200][gc,marking    ] GC(2) Concurrent Rebuild Remembered Sets 3,734ms
[2022-05-31T03:17:09.073+0200][gc,start      ] GC(2) Pause Cleanup
[2022-05-31T03:17:09.073+0200][gc            ] GC(2) Pause Cleanup 9M->9M(1024M) 0,323ms
[2022-05-31T03:17:09.073+0200][gc,cpu        ] GC(2) User=0,00s Sys=0,00s Real=0,00s
[2022-05-31T03:17:09.073+0200][gc,marking    ] GC(2) Concurrent Cleanup for Next Mark
[2022-05-31T03:17:09.076+0200][gc,marking    ] GC(2) Concurrent Cleanup for Next Mark 2,658ms
[2022-05-31T03:17:09.076+0200][gc            ] GC(2) Concurrent Cycle 16,878ms
[2022-05-31T03:17:09.701+0200][gc,start      ] GC(3) Pause Young (Normal) (G1 Evacuation Pause)
[2022-05-31T03:17:09.701+0200][gc,task       ] GC(3) Using 13 workers of 13 for evacuation
[2022-05-31T03:17:09.704+0200][gc,phases     ] GC(3)   Pre Evacuate Collection Set: 0,0ms
[2022-05-31T03:17:09.704+0200][gc,phases     ] GC(3)   Evacuate Collection Set: 2,3ms
[2022-05-31T03:17:09.704+0200][gc,phases     ] GC(3)   Post Evacuate Collection Set: 0,9ms
[2022-05-31T03:17:09.704+0200][gc,phases     ] GC(3)   Other: 0,3ms
[2022-05-31T03:17:09.704+0200][gc,heap       ] GC(3) Eden regions: 49->0(48)
[2022-05-31T03:17:09.704+0200][gc,heap       ] GC(3) Survivor regions: 2->3(7)
[2022-05-31T03:17:09.704+0200][gc,heap       ] GC(3) Old regions: 9->9
[2022-05-31T03:17:09.704+0200][gc,heap       ] GC(3) Humongous regions: 129->0
[2022-05-31T03:17:09.704+0200][gc,metaspace  ] GC(3) Metaspace: 29067K->29067K(1075200K)
[2022-05-31T03:17:09.704+0200][gc            ] GC(3) Pause Young (Normal) (G1 Evacuation Pause) 186M->9M(1024M) 3,539ms
[2022-05-31T03:17:09.704+0200][gc,cpu        ] GC(3) User=0,03s Sys=0,00s Real=0,00s
[2022-05-31T03:17:09.718+0200][gc,heap,exit  ] Heap
[2022-05-31T03:17:09.718+0200][gc,heap,exit  ]  garbage-first heap   total 1048576K, used 11106K [0x00000000c0000000, 0x0000000100000000)
[2022-05-31T03:17:09.718+0200][gc,heap,exit  ]   region size 1024K, 5 young (5120K), 3 survivors (3072K)
[2022-05-31T03:17:09.718+0200][gc,heap,exit  ]  Metaspace       used 29157K, capacity 30104K, committed 30336K, reserved 1075200K
[2022-05-31T03:17:09.718+0200][gc,heap,exit  ]   class space    used 3473K, capacity 3905K, committed 3968K, reserved 1048576K
