[2022-05-31T03:17:58.718+0200][gc,heap] Heap region size: 1M
[2022-05-31T03:17:58.731+0200][gc     ] Using G1
[2022-05-31T03:17:58.731+0200][gc,heap,coops] Heap address: 0x00000000c0000000, size: 1024 MB, Compressed Oops mode: 32-bit
[2022-05-31T03:17:58.731+0200][gc,cds       ] Mark closed archive regions in map: [0x00000000ffe00000, 0x00000000ffe6aff8]
[2022-05-31T03:17:58.731+0200][gc,cds       ] Mark open archive regions in map: [0x00000000ffc00000, 0x00000000ffc46ff8]
[2022-05-31T03:17:59.478+0200][gc,start     ] GC(0) Pause Young (Normal) (G1 Evacuation Pause)
[2022-05-31T03:17:59.480+0200][gc,task      ] GC(0) Using 13 workers of 13 for evacuation
[2022-05-31T03:17:59.486+0200][gc,phases    ] GC(0)   Pre Evacuate Collection Set: 0,0ms
[2022-05-31T03:17:59.486+0200][gc,phases    ] GC(0)   Evacuate Collection Set: 5,8ms
[2022-05-31T03:17:59.486+0200][gc,phases    ] GC(0)   Post Evacuate Collection Set: 0,8ms
[2022-05-31T03:17:59.487+0200][gc,phases    ] GC(0)   Other: 1,8ms
[2022-05-31T03:17:59.487+0200][gc,heap      ] GC(0) Eden regions: 51->0(44)
[2022-05-31T03:17:59.487+0200][gc,heap      ] GC(0) Survivor regions: 0->7(7)
[2022-05-31T03:17:59.487+0200][gc,heap      ] GC(0) Old regions: 2->2
[2022-05-31T03:17:59.487+0200][gc,heap      ] GC(0) Humongous regions: 0->0
[2022-05-31T03:17:59.487+0200][gc,metaspace ] GC(0) Metaspace: 14804K->14804K(1062912K)
[2022-05-31T03:17:59.487+0200][gc           ] GC(0) Pause Young (Normal) (G1 Evacuation Pause) 51M->7M(1024M) 8,569ms
[2022-05-31T03:17:59.487+0200][gc,cpu       ] GC(0) User=0,08s Sys=0,00s Real=0,01s
[2022-05-31T03:17:59.894+0200][gc,start     ] GC(1) Pause Young (Concurrent Start) (Metadata GC Threshold)
[2022-05-31T03:17:59.894+0200][gc,task      ] GC(1) Using 13 workers of 13 for evacuation
[2022-05-31T03:17:59.906+0200][gc,phases    ] GC(1)   Pre Evacuate Collection Set: 0,1ms
[2022-05-31T03:17:59.906+0200][gc,phases    ] GC(1)   Evacuate Collection Set: 10,6ms
[2022-05-31T03:17:59.906+0200][gc,phases    ] GC(1)   Post Evacuate Collection Set: 0,5ms
[2022-05-31T03:17:59.906+0200][gc,phases    ] GC(1)   Other: 0,6ms
[2022-05-31T03:17:59.906+0200][gc,heap      ] GC(1) Eden regions: 23->0(49)
[2022-05-31T03:17:59.906+0200][gc,heap      ] GC(1) Survivor regions: 7->2(7)
[2022-05-31T03:17:59.906+0200][gc,heap      ] GC(1) Old regions: 2->9
[2022-05-31T03:17:59.906+0200][gc,heap      ] GC(1) Humongous regions: 0->0
[2022-05-31T03:17:59.906+0200][gc,metaspace ] GC(1) Metaspace: 20590K->20590K(1067008K)
[2022-05-31T03:17:59.906+0200][gc           ] GC(1) Pause Young (Concurrent Start) (Metadata GC Threshold) 30M->8M(1024M) 11,962ms
[2022-05-31T03:17:59.906+0200][gc,cpu       ] GC(1) User=0,09s Sys=0,01s Real=0,02s
[2022-05-31T03:17:59.906+0200][gc           ] GC(2) Concurrent Cycle
[2022-05-31T03:17:59.906+0200][gc,marking   ] GC(2) Concurrent Clear Claimed Marks
[2022-05-31T03:17:59.906+0200][gc,marking   ] GC(2) Concurrent Clear Claimed Marks 0,064ms
[2022-05-31T03:17:59.906+0200][gc,marking   ] GC(2) Concurrent Scan Root Regions
[2022-05-31T03:17:59.908+0200][gc,marking   ] GC(2) Concurrent Scan Root Regions 1,243ms
[2022-05-31T03:17:59.908+0200][gc,marking   ] GC(2) Concurrent Mark (1,217s)
[2022-05-31T03:17:59.908+0200][gc,marking   ] GC(2) Concurrent Mark From Roots
[2022-05-31T03:17:59.908+0200][gc,task      ] GC(2) Using 3 workers of 3 for marking
[2022-05-31T03:17:59.912+0200][gc,marking   ] GC(2) Concurrent Mark From Roots 4,205ms
[2022-05-31T03:17:59.912+0200][gc,marking   ] GC(2) Concurrent Preclean
[2022-05-31T03:17:59.912+0200][gc,marking   ] GC(2) Concurrent Preclean 0,127ms
[2022-05-31T03:17:59.912+0200][gc,marking   ] GC(2) Concurrent Mark (1,217s, 1,222s) 4,408ms
[2022-05-31T03:17:59.912+0200][gc,start     ] GC(2) Pause Remark
[2022-05-31T03:17:59.914+0200][gc,stringtable] GC(2) Cleaned string and symbol table, strings: 5071 processed, 0 removed, symbols: 50271 processed, 41 removed
[2022-05-31T03:17:59.914+0200][gc            ] GC(2) Pause Remark 8M->8M(1024M) 1,844ms
[2022-05-31T03:17:59.914+0200][gc,cpu        ] GC(2) User=0,01s Sys=0,00s Real=0,00s
[2022-05-31T03:17:59.914+0200][gc,marking    ] GC(2) Concurrent Rebuild Remembered Sets
[2022-05-31T03:17:59.918+0200][gc,marking    ] GC(2) Concurrent Rebuild Remembered Sets 3,245ms
[2022-05-31T03:17:59.918+0200][gc,start      ] GC(2) Pause Cleanup
[2022-05-31T03:17:59.918+0200][gc            ] GC(2) Pause Cleanup 8M->8M(1024M) 0,305ms
[2022-05-31T03:17:59.918+0200][gc,cpu        ] GC(2) User=0,00s Sys=0,00s Real=0,00s
[2022-05-31T03:17:59.918+0200][gc,marking    ] GC(2) Concurrent Cleanup for Next Mark
[2022-05-31T03:17:59.922+0200][gc,marking    ] GC(2) Concurrent Cleanup for Next Mark 3,565ms
[2022-05-31T03:17:59.922+0200][gc            ] GC(2) Concurrent Cycle 15,470ms
[2022-05-31T03:18:00.446+0200][gc,start      ] GC(3) Pause Young (Normal) (G1 Evacuation Pause)
[2022-05-31T03:18:00.446+0200][gc,task       ] GC(3) Using 13 workers of 13 for evacuation
[2022-05-31T03:18:00.449+0200][gc,phases     ] GC(3)   Pre Evacuate Collection Set: 0,0ms
[2022-05-31T03:18:00.449+0200][gc,phases     ] GC(3)   Evacuate Collection Set: 2,6ms
[2022-05-31T03:18:00.449+0200][gc,phases     ] GC(3)   Post Evacuate Collection Set: 0,8ms
[2022-05-31T03:18:00.449+0200][gc,phases     ] GC(3)   Other: 0,3ms
[2022-05-31T03:18:00.449+0200][gc,heap       ] GC(3) Eden regions: 49->0(46)
[2022-05-31T03:18:00.449+0200][gc,heap       ] GC(3) Survivor regions: 2->5(7)
[2022-05-31T03:18:00.449+0200][gc,heap       ] GC(3) Old regions: 9->9
[2022-05-31T03:18:00.449+0200][gc,heap       ] GC(3) Humongous regions: 129->129
[2022-05-31T03:18:00.449+0200][gc,metaspace  ] GC(3) Metaspace: 29126K->29126K(1075200K)
[2022-05-31T03:18:00.449+0200][gc            ] GC(3) Pause Young (Normal) (G1 Evacuation Pause) 186M->140M(1024M) 3,875ms
[2022-05-31T03:18:00.450+0200][gc,cpu        ] GC(3) User=0,03s Sys=0,01s Real=0,00s
[2022-05-31T03:18:00.748+0200][gc,start      ] GC(4) Pause Young (Concurrent Start) (Metadata GC Threshold)
[2022-05-31T03:18:00.748+0200][gc,task       ] GC(4) Using 13 workers of 13 for evacuation
[2022-05-31T03:18:00.754+0200][gc,phases     ] GC(4)   Pre Evacuate Collection Set: 0,1ms
[2022-05-31T03:18:00.754+0200][gc,phases     ] GC(4)   Evacuate Collection Set: 5,1ms
[2022-05-31T03:18:00.754+0200][gc,phases     ] GC(4)   Post Evacuate Collection Set: 0,6ms
[2022-05-31T03:18:00.754+0200][gc,phases     ] GC(4)   Other: 0,4ms
[2022-05-31T03:18:00.754+0200][gc,heap       ] GC(4) Eden regions: 25->0(49)
[2022-05-31T03:18:00.754+0200][gc,heap       ] GC(4) Survivor regions: 5->2(7)
[2022-05-31T03:18:00.754+0200][gc,heap       ] GC(4) Old regions: 9->13
[2022-05-31T03:18:00.754+0200][gc,heap       ] GC(4) Humongous regions: 129->129
[2022-05-31T03:18:00.754+0200][gc,metaspace  ] GC(4) Metaspace: 34419K->34419K(1081344K)
[2022-05-31T03:18:00.754+0200][gc            ] GC(4) Pause Young (Concurrent Start) (Metadata GC Threshold) 165M->142M(1024M) 6,437ms
[2022-05-31T03:18:00.754+0200][gc,cpu        ] GC(4) User=0,05s Sys=0,00s Real=0,00s
[2022-05-31T03:18:00.754+0200][gc            ] GC(5) Concurrent Cycle
[2022-05-31T03:18:00.754+0200][gc,marking    ] GC(5) Concurrent Clear Claimed Marks
[2022-05-31T03:18:00.754+0200][gc,marking    ] GC(5) Concurrent Clear Claimed Marks 0,193ms
[2022-05-31T03:18:00.754+0200][gc,marking    ] GC(5) Concurrent Scan Root Regions
[2022-05-31T03:18:00.756+0200][gc,marking    ] GC(5) Concurrent Scan Root Regions 1,237ms
[2022-05-31T03:18:00.756+0200][gc,marking    ] GC(5) Concurrent Mark (2,065s)
[2022-05-31T03:18:00.756+0200][gc,marking    ] GC(5) Concurrent Mark From Roots
[2022-05-31T03:18:00.756+0200][gc,task       ] GC(5) Using 3 workers of 3 for marking
[2022-05-31T03:18:00.767+0200][gc,marking    ] GC(5) Concurrent Mark From Roots 11,179ms
[2022-05-31T03:18:00.767+0200][gc,marking    ] GC(5) Concurrent Preclean
[2022-05-31T03:18:00.767+0200][gc,marking    ] GC(5) Concurrent Preclean 0,116ms
[2022-05-31T03:18:00.767+0200][gc,marking    ] GC(5) Concurrent Mark (2,065s, 2,077s) 11,372ms
[2022-05-31T03:18:00.767+0200][gc,start      ] GC(5) Pause Remark
[2022-05-31T03:18:00.769+0200][gc,stringtable] GC(5) Cleaned string and symbol table, strings: 10251 processed, 11 removed, symbols: 82809 processed, 16 removed
[2022-05-31T03:18:00.769+0200][gc            ] GC(5) Pause Remark 143M->143M(1024M) 2,081ms
[2022-05-31T03:18:00.769+0200][gc,cpu        ] GC(5) User=0,03s Sys=0,00s Real=0,00s
[2022-05-31T03:18:00.770+0200][gc,marking    ] GC(5) Concurrent Rebuild Remembered Sets
[2022-05-31T03:18:00.773+0200][gc,marking    ] GC(5) Concurrent Rebuild Remembered Sets 3,721ms
[2022-05-31T03:18:00.773+0200][gc,start      ] GC(5) Pause Cleanup
[2022-05-31T03:18:00.774+0200][gc            ] GC(5) Pause Cleanup 143M->143M(1024M) 0,221ms
[2022-05-31T03:18:00.774+0200][gc,cpu        ] GC(5) User=0,00s Sys=0,00s Real=0,00s
[2022-05-31T03:18:00.774+0200][gc,marking    ] GC(5) Concurrent Cleanup for Next Mark
[2022-05-31T03:18:00.778+0200][gc,marking    ] GC(5) Concurrent Cleanup for Next Mark 3,829ms
[2022-05-31T03:18:00.778+0200][gc            ] GC(5) Concurrent Cycle 23,385ms
[2022-05-31T03:50:11.342+0200][gc,start      ] GC(6) Pause Young (Normal) (G1 Evacuation Pause)
[2022-05-31T03:50:11.342+0200][gc,task       ] GC(6) Using 13 workers of 13 for evacuation
[2022-05-31T03:50:11.347+0200][gc,phases     ] GC(6)   Pre Evacuate Collection Set: 0,0ms
[2022-05-31T03:50:11.347+0200][gc,phases     ] GC(6)   Evacuate Collection Set: 3,9ms
[2022-05-31T03:50:11.347+0200][gc,phases     ] GC(6)   Post Evacuate Collection Set: 1,1ms
[2022-05-31T03:50:11.347+0200][gc,phases     ] GC(6)   Other: 0,3ms
[2022-05-31T03:50:11.347+0200][gc,heap       ] GC(6) Eden regions: 49->0(48)
[2022-05-31T03:50:11.347+0200][gc,heap       ] GC(6) Survivor regions: 2->3(7)
[2022-05-31T03:50:11.347+0200][gc,heap       ] GC(6) Old regions: 13->13
[2022-05-31T03:50:11.347+0200][gc,heap       ] GC(6) Humongous regions: 129->129
[2022-05-31T03:50:11.347+0200][gc,metaspace  ] GC(6) Metaspace: 40278K->40278K(1085440K)
[2022-05-31T03:50:11.347+0200][gc            ] GC(6) Pause Young (Normal) (G1 Evacuation Pause) 191M->143M(1024M) 5,462ms
[2022-05-31T03:50:11.347+0200][gc,cpu        ] GC(6) User=0,05s Sys=0,00s Real=0,01s
[2022-05-31T03:54:57.657+0200][gc,heap,exit  ] Heap
[2022-05-31T03:54:57.657+0200][gc,heap,exit  ]  garbage-first heap   total 1048576K, used 160094K [0x00000000c0000000, 0x0000000100000000)
[2022-05-31T03:54:57.657+0200][gc,heap,exit  ]   region size 1024K, 17 young (17408K), 3 survivors (3072K)
[2022-05-31T03:54:57.657+0200][gc,heap,exit  ]  Metaspace       used 41152K, capacity 43556K, committed 43904K, reserved 1087488K
[2022-05-31T03:54:57.657+0200][gc,heap,exit  ]   class space    used 5448K, capacity 6680K, committed 6784K, reserved 1048576K
