[2022-05-31T03:17:53.157+0200][gc,heap] Heap region size: 1M
[2022-05-31T03:17:53.165+0200][gc     ] Using G1
[2022-05-31T03:17:53.165+0200][gc,heap,coops] Heap address: 0x00000000e0000000, size: 512 MB, Compressed Oops mode: 32-bit
[2022-05-31T03:17:53.165+0200][gc,cds       ] Mark closed archive regions in map: [0x00000000ffe00000, 0x00000000ffe6aff8]
[2022-05-31T03:17:53.165+0200][gc,cds       ] Mark open archive regions in map: [0x00000000ffc00000, 0x00000000ffc46ff8]
[2022-05-31T03:17:53.601+0200][gc,start     ] GC(0) Pause Young (Normal) (G1 Evacuation Pause)
[2022-05-31T03:17:53.601+0200][gc,task      ] GC(0) Using 12 workers of 13 for evacuation
[2022-05-31T03:17:53.614+0200][gc,phases    ] GC(0)   Pre Evacuate Collection Set: 0,0ms
[2022-05-31T03:17:53.614+0200][gc,phases    ] GC(0)   Evacuate Collection Set: 12,0ms
[2022-05-31T03:17:53.614+0200][gc,phases    ] GC(0)   Post Evacuate Collection Set: 0,5ms
[2022-05-31T03:17:53.614+0200][gc,phases    ] GC(0)   Other: 1,1ms
[2022-05-31T03:17:53.614+0200][gc,heap      ] GC(0) Eden regions: 25->0(21)
[2022-05-31T03:17:53.614+0200][gc,heap      ] GC(0) Survivor regions: 0->4(4)
[2022-05-31T03:17:53.614+0200][gc,heap      ] GC(0) Old regions: 2->5
[2022-05-31T03:17:53.614+0200][gc,heap      ] GC(0) Humongous regions: 0->0
[2022-05-31T03:17:53.614+0200][gc,metaspace ] GC(0) Metaspace: 7592K->7592K(1056768K)
[2022-05-31T03:17:53.614+0200][gc           ] GC(0) Pause Young (Normal) (G1 Evacuation Pause) 25M->7M(512M) 13,796ms
[2022-05-31T03:17:53.614+0200][gc,cpu       ] GC(0) User=0,13s Sys=0,00s Real=0,01s
[2022-05-31T03:55:02.170+0200][gc,heap,exit ] Heap
[2022-05-31T03:55:02.170+0200][gc,heap,exit ]  garbage-first heap   total 524288K, used 19013K [0x00000000e0000000, 0x0000000100000000)
[2022-05-31T03:55:02.170+0200][gc,heap,exit ]   region size 1024K, 16 young (16384K), 4 survivors (4096K)
[2022-05-31T03:55:02.170+0200][gc,heap,exit ]  Metaspace       used 9261K, capacity 9662K, committed 9856K, reserved 1058816K
[2022-05-31T03:55:02.170+0200][gc,heap,exit ]   class space    used 974K, capacity 1123K, committed 1152K, reserved 1048576K
