[2022-05-31T03:16:51.061+0200][gc,heap] Heap region size: 1M
[2022-05-31T03:16:51.067+0200][gc     ] Using G1
[2022-05-31T03:16:51.067+0200][gc,heap,coops] Heap address: 0x00000000e0000000, size: 512 MB, Compressed Oops mode: 32-bit
[2022-05-31T03:16:51.067+0200][gc,cds       ] Mark closed archive regions in map: [0x00000000ffe00000, 0x00000000ffe6aff8]
[2022-05-31T03:16:51.067+0200][gc,cds       ] Mark open archive regions in map: [0x00000000ffc00000, 0x00000000ffc46ff8]
[2022-05-31T03:16:51.552+0200][gc,start     ] GC(0) Pause Young (Normal) (G1 Evacuation Pause)
[2022-05-31T03:16:51.553+0200][gc,task      ] GC(0) Using 12 workers of 13 for evacuation
[2022-05-31T03:16:51.566+0200][gc,phases    ] GC(0)   Pre Evacuate Collection Set: 0,0ms
[2022-05-31T03:16:51.566+0200][gc,phases    ] GC(0)   Evacuate Collection Set: 12,5ms
[2022-05-31T03:16:51.566+0200][gc,phases    ] GC(0)   Post Evacuate Collection Set: 0,5ms
[2022-05-31T03:16:51.566+0200][gc,phases    ] GC(0)   Other: 1,5ms
[2022-05-31T03:16:51.566+0200][gc,heap      ] GC(0) Eden regions: 25->0(21)
[2022-05-31T03:16:51.566+0200][gc,heap      ] GC(0) Survivor regions: 0->4(4)
[2022-05-31T03:16:51.566+0200][gc,heap      ] GC(0) Old regions: 2->5
[2022-05-31T03:16:51.566+0200][gc,heap      ] GC(0) Humongous regions: 0->0
[2022-05-31T03:16:51.566+0200][gc,metaspace ] GC(0) Metaspace: 7560K->7560K(1056768K)
[2022-05-31T03:16:51.566+0200][gc           ] GC(0) Pause Young (Normal) (G1 Evacuation Pause) 25M->7M(512M) 14,617ms
[2022-05-31T03:16:51.566+0200][gc,cpu       ] GC(0) User=0,13s Sys=0,02s Real=0,02s
[2022-05-31T03:17:49.758+0200][gc,heap,exit ] Heap
[2022-05-31T03:17:49.758+0200][gc,heap,exit ]  garbage-first heap   total 524288K, used 16057K [0x00000000e0000000, 0x0000000100000000)
[2022-05-31T03:17:49.758+0200][gc,heap,exit ]   region size 1024K, 13 young (13312K), 4 survivors (4096K)
[2022-05-31T03:17:49.758+0200][gc,heap,exit ]  Metaspace       used 8678K, capacity 8982K, committed 9344K, reserved 1056768K
[2022-05-31T03:17:49.758+0200][gc,heap,exit ]   class space    used 956K, capacity 1091K, committed 1152K, reserved 1048576K
